#-----------------------------------------------------------
# Vivado v2023.1 (64-bit)
# SW Build 3865809 on Sun May  7 15:05:29 MDT 2023
# IP Build 3864474 on Sun May  7 20:36:21 MDT 2023
# SharedData Build 3865790 on Sun May 07 13:33:03 MDT 2023
# Start of session at: Wed Apr 10 16:16:56 2024
# Process ID: 3896
# Current directory: C:/Users/student/Desktop/nenciu_robert_323CC/sum_nenciu_robert_323CC
# Command line: vivado.exe -gui_launcher_event rodinguilauncherevent5588 C:\Users\student\Desktop\nenciu_robert_323CC\sum_nenciu_robert_323CC\sum_nenciu_robert_323CC.xpr
# Log file: C:/Users/student/Desktop/nenciu_robert_323CC/sum_nenciu_robert_323CC/vivado.log
# Journal file: C:/Users/student/Desktop/nenciu_robert_323CC/sum_nenciu_robert_323CC\vivado.jou
# Running On: HP-12, OS: Windows, CPU Frequency: 2496 MHz, CPU Physical cores: 6, Host memory: 16833 MB
#-----------------------------------------------------------
start_gui
open_project C:/Users/student/Desktop/nenciu_robert_323CC/sum_nenciu_robert_323CC/sum_nenciu_robert_323CC.xpr
update_compile_order -fileset sources_1
